
> memora-frontend@0.0.0 build
> vite build

[36mvite v7.3.1 [32mbuilding client environment for production...[36m[39m
transforming...
Browserslist: browsers data (caniuse-lite) is 10 months old. Please run:
  npx update-browserslist-db@latest
  Why you should do it regularly: https://github.com/browserslist/update-db#readme
[32m✓[39m 3336 modules transformed.
rendering chunks...
computing gzip size...
[2mdist/[22m[32mindex.html                              [39m[1m[2m  0.47 kB[22m[1m[22m[2m │ gzip:   0.30 kB[22m
[2mdist/[22m[32massets/logo-COOUUOUW.jpg                [39m[1m[2m 46.23 kB[22m[1m[22m
[2mdist/[22m[35massets/index-0OMrSoGq.css               [39m[1m[2m209.81 kB[22m[1m[22m[2m │ gzip:  27.89 kB[22m
[2mdist/[22m[36massets/chevron-down-CBIiOaqC.js         [39m[1m[2m  0.12 kB[22m[1m[22m[2m │ gzip:   0.14 kB[22m
[2mdist/[22m[36massets/check-BPBLAlmS.js                [39m[1m[2m  0.13 kB[22m[1m[22m[2m │ gzip:   0.14 kB[22m
[2mdist/[22m[36massets/circle-BXQJLhB5.js               [39m[1m[2m  0.13 kB[22m[1m[22m[2m │ gzip:   0.13 kB[22m
[2mdist/[22m[36massets/plus-BW_4ehrH.js                 [39m[1m[2m  0.15 kB[22m[1m[22m[2m │ gzip:   0.15 kB[22m
[2mdist/[22m[36massets/x-DVsx-T0-.js                    [39m[1m[2m  0.15 kB[22m[1m[22m[2m │ gzip:   0.15 kB[22m
[2mdist/[22m[36massets/arrow-right-BRhzmwsF.js          [39m[1m[2m  0.16 kB[22m[1m[22m[2m │ gzip:   0.16 kB[22m
[2mdist/[22m[36massets/arrow-left-B80IB0AB.js           [39m[1m[2m  0.16 kB[22m[1m[22m[2m │ gzip:   0.16 kB[22m
[2mdist/[22m[36massets/clock-xfek90pg.js                [39m[1m[2m  0.17 kB[22m[1m[22m[2m │ gzip:   0.17 kB[22m
[2mdist/[22m[36massets/trending-up-B9_KTfXr.js          [39m[1m[2m  0.17 kB[22m[1m[22m[2m │ gzip:   0.17 kB[22m
[2mdist/[22m[36massets/circle-check-big-gHlWXLec.js     [39m[1m[2m  0.20 kB[22m[1m[22m[2m │ gzip:   0.18 kB[22m
[2mdist/[22m[36massets/rotate-ccw-CXZkWde_.js           [39m[1m[2m  0.20 kB[22m[1m[22m[2m │ gzip:   0.18 kB[22m
[2mdist/[22m[36massets/undo-2-3fLhxTHv.js               [39m[1m[2m  0.20 kB[22m[1m[22m[2m │ gzip:   0.18 kB[22m
[2mdist/[22m[36massets/chevron-right-Cc9rDpnW.js        [39m[1m[2m  0.21 kB[22m[1m[22m[2m │ gzip:   0.18 kB[22m
[2mdist/[22m[36massets/pause-DnIbiB7n.js                [39m[1m[2m  0.21 kB[22m[1m[22m[2m │ gzip:   0.17 kB[22m
[2mdist/[22m[36massets/file-DPHDO5xv.js                 [39m[1m[2m  0.22 kB[22m[1m[22m[2m │ gzip:   0.18 kB[22m
[2mdist/[22m[36massets/upload-gR_KCgvc.js               [39m[1m[2m  0.23 kB[22m[1m[22m[2m │ gzip:   0.19 kB[22m
[2mdist/[22m[36massets/target-qgzudbUt.js               [39m[1m[2m  0.23 kB[22m[1m[22m[2m │ gzip:   0.16 kB[22m
[2mdist/[22m[36massets/download-o1alrO5R.js             [39m[1m[2m  0.23 kB[22m[1m[22m[2m │ gzip:   0.19 kB[22m
[2mdist/[22m[36massets/square-JVnXX965.js               [39m[1m[2m  0.23 kB[22m[1m[22m[2m │ gzip:   0.21 kB[22m
[2mdist/[22m[36massets/square-check-big-Cnxgvce6.js     [39m[1m[2m  0.23 kB[22m[1m[22m[2m │ gzip:   0.19 kB[22m
[2mdist/[22m[36massets/circle-alert-D2Rqs-TZ.js         [39m[1m[2m  0.25 kB[22m[1m[22m[2m │ gzip:   0.19 kB[22m
[2mdist/[22m[36massets/eye-DYAzto5B.js                  [39m[1m[2m  0.26 kB[22m[1m[22m[2m │ gzip:   0.20 kB[22m
[2mdist/[22m[36massets/calendar-CmxnsKj1.js             [39m[1m[2m  0.26 kB[22m[1m[22m[2m │ gzip:   0.21 kB[22m
[2mdist/[22m[36massets/zap-CKfJUl5o.js                  [39m[1m[2m  0.26 kB[22m[1m[22m[2m │ gzip:   0.21 kB[22m
[2mdist/[22m[36massets/book-open-DtLANa9u.js            [39m[1m[2m  0.28 kB[22m[1m[22m[2m │ gzip:   0.20 kB[22m
[2mdist/[22m[36massets/pen-line-DtA6yXtN.js             [39m[1m[2m  0.28 kB[22m[1m[22m[2m │ gzip:   0.23 kB[22m
[2mdist/[22m[36massets/zoom-in-DSl82RTl.js              [39m[1m[2m  0.30 kB[22m[1m[22m[2m │ gzip:   0.21 kB[22m
[2mdist/[22m[36massets/users-BCtxes37.js                [39m[1m[2m  0.31 kB[22m[1m[22m[2m │ gzip:   0.23 kB[22m
[2mdist/[22m[36massets/refresh-cw-BZcG5ZBa.js           [39m[1m[2m  0.32 kB[22m[1m[22m[2m │ gzip:   0.23 kB[22m
[2mdist/[22m[36massets/save-rBc6GTED.js                 [39m[1m[2m  0.33 kB[22m[1m[22m[2m │ gzip:   0.23 kB[22m
[2mdist/[22m[36massets/file-text-B0GmrfEw.js            [39m[1m[2m  0.33 kB[22m[1m[22m[2m │ gzip:   0.22 kB[22m
[2mdist/[22m[36massets/trash-2-C_ppWTWi.js              [39m[1m[2m  0.36 kB[22m[1m[22m[2m │ gzip:   0.25 kB[22m
[2mdist/[22m[36massets/Logo-DdU928SV.js                 [39m[1m[2m  0.37 kB[22m[1m[22m[2m │ gzip:   0.30 kB[22m
[2mdist/[22m[36massets/eye-off-BH0YKse7.js              [39m[1m[2m  0.43 kB[22m[1m[22m[2m │ gzip:   0.27 kB[22m
[2mdist/[22m[36massets/globe-BcPyCKWi.js                [39m[1m[2m  0.44 kB[22m[1m[22m[2m │ gzip:   0.27 kB[22m
[2mdist/[22m[36massets/clsx-BmS76uzX.js                 [39m[1m[2m  0.46 kB[22m[1m[22m[2m │ gzip:   0.30 kB[22m
[2mdist/[22m[36massets/sparkles-D64D7FNJ.js             [39m[1m[2m  0.51 kB[22m[1m[22m[2m │ gzip:   0.30 kB[22m
[2mdist/[22m[36massets/palette-CFmhxnHx.js              [39m[1m[2m  0.51 kB[22m[1m[22m[2m │ gzip:   0.28 kB[22m
[2mdist/[22m[36massets/settings-DER3e1ps.js             [39m[1m[2m  0.73 kB[22m[1m[22m[2m │ gzip:   0.34 kB[22m
[2mdist/[22m[36massets/brain-bkpZdrid.js                [39m[1m[2m  0.74 kB[22m[1m[22m[2m │ gzip:   0.36 kB[22m
[2mdist/[22m[36massets/twitter-BecViI9Y.js              [39m[1m[2m  0.74 kB[22m[1m[22m[2m │ gzip:   0.45 kB[22m
[2mdist/[22m[36massets/search-BRBQRomJ.js               [39m[1m[2m  0.95 kB[22m[1m[22m[2m │ gzip:   0.47 kB[22m
[2mdist/[22m[36massets/DashboardGlyph-fp93R6cq.js       [39m[1m[2m  1.16 kB[22m[1m[22m[2m │ gzip:   0.50 kB[22m
[2mdist/[22m[36massets/dateFormat-CrggacSF.js           [39m[1m[2m  1.24 kB[22m[1m[22m[2m │ gzip:   0.55 kB[22m
[2mdist/[22m[36massets/PublicFooter-DKzNgirk.js         [39m[1m[2m  1.58 kB[22m[1m[22m[2m │ gzip:   0.84 kB[22m
[2mdist/[22m[36massets/UserProfileDropdown-aMwTx44Q.js  [39m[1m[2m  1.84 kB[22m[1m[22m[2m │ gzip:   0.89 kB[22m
[2mdist/[22m[36massets/DashboardFooter-C9p2-b1j.js      [39m[1m[2m  1.86 kB[22m[1m[22m[2m │ gzip:   0.62 kB[22m
[2mdist/[22m[36massets/ShadcnSelect-kCaECq5K.js         [39m[1m[2m  2.01 kB[22m[1m[22m[2m │ gzip:   1.01 kB[22m
[2mdist/[22m[36massets/FloatingParticles-CYvRgkBC.js    [39m[1m[2m  2.03 kB[22m[1m[22m[2m │ gzip:   0.93 kB[22m
[2mdist/[22m[36massets/Dialog-D4GkNKij.js               [39m[1m[2m  2.36 kB[22m[1m[22m[2m │ gzip:   1.03 kB[22m
[2mdist/[22m[36massets/Toast-Cu-4pWTQ.js                [39m[1m[2m  2.68 kB[22m[1m[22m[2m │ gzip:   1.20 kB[22m
[2mdist/[22m[36massets/ProfileSphereAvatar-FxBw8w_i.js  [39m[1m[2m  2.88 kB[22m[1m[22m[2m │ gzip:   1.17 kB[22m
[2mdist/[22m[36massets/docTagsService-B4D4Rkog.js       [39m[1m[2m  3.55 kB[22m[1m[22m[2m │ gzip:   1.16 kB[22m
[2mdist/[22m[36massets/Login-CX7dzTkU.js                [39m[1m[2m  6.99 kB[22m[1m[22m[2m │ gzip:   2.45 kB[22m
[2mdist/[22m[36massets/taskService-C7c1sGlb.js          [39m[1m[2m  7.87 kB[22m[1m[22m[2m │ gzip:   3.15 kB[22m
[2mdist/[22m[36massets/FileViewer-Sf3Ep_dC.js           [39m[1m[2m  7.88 kB[22m[1m[22m[2m │ gzip:   2.51 kB[22m
[2mdist/[22m[36massets/Topics-DdPaMCkH.js               [39m[1m[2m  8.37 kB[22m[1m[22m[2m │ gzip:   2.87 kB[22m
[2mdist/[22m[36massets/SignUp-B-_0V-Z0.js               [39m[1m[2m  9.87 kB[22m[1m[22m[2m │ gzip:   2.84 kB[22m
[2mdist/[22m[36massets/Graph-CiDNNA9R.js                [39m[1m[2m 10.49 kB[22m[1m[22m[2m │ gzip:   3.28 kB[22m
[2mdist/[22m[36massets/journalService-DWj8KITj.js       [39m[1m[2m 12.93 kB[22m[1m[22m[2m │ gzip:   4.35 kB[22m
[2mdist/[22m[36massets/EditTopicModal-yfIgecFj.js       [39m[1m[2m 19.50 kB[22m[1m[22m[2m │ gzip:   5.56 kB[22m
[2mdist/[22m[36massets/purify.es-CovBOfck.js            [39m[1m[2m 22.58 kB[22m[1m[22m[2m │ gzip:   8.67 kB[22m
[2mdist/[22m[36massets/Profile-2eEqp6IW.js              [39m[1m[2m 22.74 kB[22m[1m[22m[2m │ gzip:   5.17 kB[22m
[2mdist/[22m[36massets/MemScoreEvaluation-BETY-V2E.js   [39m[1m[2m 35.77 kB[22m[1m[22m[2m │ gzip:   8.44 kB[22m
[2mdist/[22m[36massets/Achievements-DB-1725e.js         [39m[1m[2m 36.07 kB[22m[1m[22m[2m │ gzip:  11.37 kB[22m
[2mdist/[22m[36massets/Chronicle-8jSoUaCh.js            [39m[1m[2m 37.46 kB[22m[1m[22m[2m │ gzip:  10.75 kB[22m
[2mdist/[22m[36massets/FocusMode--mzAdJDu.js            [39m[1m[2m 40.95 kB[22m[1m[22m[2m │ gzip:  10.43 kB[22m
[2mdist/[22m[36massets/Journal-DrP9IxHF.js              [39m[1m[2m 44.43 kB[22m[1m[22m[2m │ gzip:  12.74 kB[22m
[2mdist/[22m[36massets/DocTags-C5GPOs4d.js              [39m[1m[2m 54.21 kB[22m[1m[22m[2m │ gzip:  13.20 kB[22m
[2mdist/[22m[36massets/GraphModeView-BLRoxXRN.js        [39m[1m[2m 55.97 kB[22m[1m[22m[2m │ gzip:  18.49 kB[22m
[2mdist/[22m[36massets/Landing-BKreE0W_.js              [39m[1m[2m 61.25 kB[22m[1m[22m[2m │ gzip:  15.93 kB[22m
[2mdist/[22m[36massets/Mindmaps-ohwksQyN.js             [39m[1m[2m 88.28 kB[22m[1m[22m[2m │ gzip:  25.56 kB[22m
[2mdist/[22m[36massets/Dashboard-DGHf2nhX.js            [39m[1m[2m110.64 kB[22m[1m[22m[2m │ gzip:  29.62 kB[22m
[2mdist/[22m[36massets/proxy-BUO9ElhT.js                [39m[1m[2m115.81 kB[22m[1m[22m[2m │ gzip:  38.48 kB[22m
[2mdist/[22m[36massets/index.es-J7Hme23R.js             [39m[1m[2m159.56 kB[22m[1m[22m[2m │ gzip:  53.41 kB[22m
[2mdist/[22m[36massets/html2canvas.esm-DXEQVQnt.js      [39m[1m[2m201.04 kB[22m[1m[22m[2m │ gzip:  47.43 kB[22m
[2mdist/[22m[36massets/useTopics-gXptyNod.js            [39m[1m[2m204.91 kB[22m[1m[22m[2m │ gzip:  53.44 kB[22m
[2mdist/[22m[36massets/index-BoOQWpTa.js                [39m[1m[2m245.23 kB[22m[1m[22m[2m │ gzip:  78.73 kB[22m
[2mdist/[22m[36massets/Analytics-DvfsTMGu.js            [39m[1m[33m847.28 kB[39m[22m[2m │ gzip: 259.08 kB[22m
[33m
(!) Some chunks are larger than 500 kB after minification. Consider:
- Using dynamic import() to code-split the application
- Use build.rollupOptions.output.manualChunks to improve chunking: https://rollupjs.org/configuration-options/#output-manualchunks
- Adjust chunk size limit for this warning via build.chunkSizeWarningLimit.[39m
[32m✓ built in 13.49s[39m
