[frontend] Pulling production environment
[frontend] Building prebuilt output
Installing dependencies...

up to date in 4s

51 packages are looking for funding
  run `npm fund` for details
Running "npm run build"

> memora-frontend@0.0.0 build
> vite build

[36mvite v7.3.1 [32mbuilding client environment for production...[36m[39m
transforming...
[32m✓[39m 3334 modules transformed.
rendering chunks...
computing gzip size...
[2mdist/[22m[32mindex.html                              [39m[1m[2m  0.47 kB[22m[1m[22m[2m │ gzip:   0.30 kB[22m
[2mdist/[22m[32massets/logo-COOUUOUW.jpg                [39m[1m[2m 46.23 kB[22m[1m[22m
[2mdist/[22m[35massets/index-BJVxpUwG.css               [39m[1m[2m206.10 kB[22m[1m[22m[2m │ gzip:  27.59 kB[22m
[2mdist/[22m[36massets/chevron-down-Djxx-MVi.js         [39m[1m[2m  0.12 kB[22m[1m[22m[2m │ gzip:   0.14 kB[22m
[2mdist/[22m[36massets/check-C9mSydoN.js                [39m[1m[2m  0.13 kB[22m[1m[22m[2m │ gzip:   0.14 kB[22m
[2mdist/[22m[36massets/circle-CwQ1ViK_.js               [39m[1m[2m  0.13 kB[22m[1m[22m[2m │ gzip:   0.13 kB[22m
[2mdist/[22m[36massets/plus-BVd45ezq.js                 [39m[1m[2m  0.15 kB[22m[1m[22m[2m │ gzip:   0.15 kB[22m
[2mdist/[22m[36massets/x-Cb0Kihdo.js                    [39m[1m[2m  0.15 kB[22m[1m[22m[2m │ gzip:   0.15 kB[22m
[2mdist/[22m[36massets/arrow-right-DfnNyUCw.js          [39m[1m[2m  0.16 kB[22m[1m[22m[2m │ gzip:   0.16 kB[22m
[2mdist/[22m[36massets/arrow-left-CEchEyv5.js           [39m[1m[2m  0.16 kB[22m[1m[22m[2m │ gzip:   0.16 kB[22m
[2mdist/[22m[36massets/clock-DwDXG0tf.js                [39m[1m[2m  0.17 kB[22m[1m[22m[2m │ gzip:   0.17 kB[22m
[2mdist/[22m[36massets/trending-up-vSdgixst.js          [39m[1m[2m  0.17 kB[22m[1m[22m[2m │ gzip:   0.17 kB[22m
[2mdist/[22m[36massets/circle-check-big-Dz7zG_4b.js     [39m[1m[2m  0.20 kB[22m[1m[22m[2m │ gzip:   0.18 kB[22m
[2mdist/[22m[36massets/rotate-ccw-C5ugqZH5.js           [39m[1m[2m  0.20 kB[22m[1m[22m[2m │ gzip:   0.18 kB[22m
[2mdist/[22m[36massets/undo-2-Ca9uhdk1.js               [39m[1m[2m  0.20 kB[22m[1m[22m[2m │ gzip:   0.18 kB[22m
[2mdist/[22m[36massets/chevron-right-D6uERQ8d.js        [39m[1m[2m  0.21 kB[22m[1m[22m[2m │ gzip:   0.17 kB[22m
[2mdist/[22m[36massets/pause-CPnJO5kO.js                [39m[1m[2m  0.21 kB[22m[1m[22m[2m │ gzip:   0.17 kB[22m
[2mdist/[22m[36massets/file-CmX_aS28.js                 [39m[1m[2m  0.22 kB[22m[1m[22m[2m │ gzip:   0.18 kB[22m
[2mdist/[22m[36massets/upload-Dkz5pTZP.js               [39m[1m[2m  0.23 kB[22m[1m[22m[2m │ gzip:   0.19 kB[22m
[2mdist/[22m[36massets/target-D6v3etmR.js               [39m[1m[2m  0.23 kB[22m[1m[22m[2m │ gzip:   0.16 kB[22m
[2mdist/[22m[36massets/download-BFHw-Y8s.js             [39m[1m[2m  0.23 kB[22m[1m[22m[2m │ gzip:   0.19 kB[22m
[2mdist/[22m[36massets/square-CLTi4Lyf.js               [39m[1m[2m  0.23 kB[22m[1m[22m[2m │ gzip:   0.20 kB[22m
[2mdist/[22m[36massets/square-check-big-DU4WuEOq.js     [39m[1m[2m  0.23 kB[22m[1m[22m[2m │ gzip:   0.19 kB[22m
[2mdist/[22m[36massets/circle-alert-87Dxl-XS.js         [39m[1m[2m  0.25 kB[22m[1m[22m[2m │ gzip:   0.18 kB[22m
[2mdist/[22m[36massets/eye-C-0GcGOc.js                  [39m[1m[2m  0.26 kB[22m[1m[22m[2m │ gzip:   0.20 kB[22m
[2mdist/[22m[36massets/calendar-ad5H1caY.js             [39m[1m[2m  0.26 kB[22m[1m[22m[2m │ gzip:   0.20 kB[22m
[2mdist/[22m[36massets/zap-DuKhv-ZN.js                  [39m[1m[2m  0.26 kB[22m[1m[22m[2m │ gzip:   0.21 kB[22m
[2mdist/[22m[36massets/book-open-BSDbWd2q.js            [39m[1m[2m  0.28 kB[22m[1m[22m[2m │ gzip:   0.20 kB[22m
[2mdist/[22m[36massets/pen-line-CfNlwvPM.js             [39m[1m[2m  0.28 kB[22m[1m[22m[2m │ gzip:   0.23 kB[22m
[2mdist/[22m[36massets/zoom-in-wSQ7-cEO.js              [39m[1m[2m  0.30 kB[22m[1m[22m[2m │ gzip:   0.21 kB[22m
[2mdist/[22m[36massets/users-Cm1yEysC.js                [39m[1m[2m  0.31 kB[22m[1m[22m[2m │ gzip:   0.22 kB[22m
[2mdist/[22m[36massets/refresh-cw-DPwNSiEW.js           [39m[1m[2m  0.32 kB[22m[1m[22m[2m │ gzip:   0.23 kB[22m
[2mdist/[22m[36massets/save-DyZyWHOs.js                 [39m[1m[2m  0.33 kB[22m[1m[22m[2m │ gzip:   0.23 kB[22m
[2mdist/[22m[36massets/file-text-BwXBcWKq.js            [39m[1m[2m  0.33 kB[22m[1m[22m[2m │ gzip:   0.22 kB[22m
[2mdist/[22m[36massets/trash-2-ChynEEha.js              [39m[1m[2m  0.36 kB[22m[1m[22m[2m │ gzip:   0.25 kB[22m
[2mdist/[22m[36massets/Logo-WMNx9Et8.js                 [39m[1m[2m  0.37 kB[22m[1m[22m[2m │ gzip:   0.30 kB[22m
[2mdist/[22m[36massets/eye-off-DgoIAMjt.js              [39m[1m[2m  0.43 kB[22m[1m[22m[2m │ gzip:   0.27 kB[22m
[2mdist/[22m[36massets/globe-DtFLj1Ve.js                [39m[1m[2m  0.44 kB[22m[1m[22m[2m │ gzip:   0.27 kB[22m
[2mdist/[22m[36massets/clsx-BPDNEo60.js                 [39m[1m[2m  0.46 kB[22m[1m[22m[2m │ gzip:   0.30 kB[22m
[2mdist/[22m[36massets/sparkles-RL33ebLE.js             [39m[1m[2m  0.51 kB[22m[1m[22m[2m │ gzip:   0.30 kB[22m
[2mdist/[22m[36massets/palette-BqPSb3yG.js              [39m[1m[2m  0.51 kB[22m[1m[22m[2m │ gzip:   0.28 kB[22m
[2mdist/[22m[36massets/settings-BNoc3xGo.js             [39m[1m[2m  0.73 kB[22m[1m[22m[2m │ gzip:   0.34 kB[22m
[2mdist/[22m[36massets/brain-lHt1_1Oy.js                [39m[1m[2m  0.74 kB[22m[1m[22m[2m │ gzip:   0.35 kB[22m
[2mdist/[22m[36massets/twitter-CIsjOVyY.js              [39m[1m[2m  0.74 kB[22m[1m[22m[2m │ gzip:   0.45 kB[22m
[2mdist/[22m[36massets/search-ChwHIiYo.js               [39m[1m[2m  0.95 kB[22m[1m[22m[2m │ gzip:   0.47 kB[22m
[2mdist/[22m[36massets/DashboardGlyph-D7c1PX-S.js       [39m[1m[2m  1.16 kB[22m[1m[22m[2m │ gzip:   0.50 kB[22m
[2mdist/[22m[36massets/dateFormat-CrggacSF.js           [39m[1m[2m  1.24 kB[22m[1m[22m[2m │ gzip:   0.55 kB[22m
[2mdist/[22m[36massets/PublicFooter-CXJ5gA3t.js         [39m[1m[2m  1.58 kB[22m[1m[22m[2m │ gzip:   0.84 kB[22m
[2mdist/[22m[36massets/UserProfileDropdown-EJOVselx.js  [39m[1m[2m  1.84 kB[22m[1m[22m[2m │ gzip:   0.88 kB[22m
[2mdist/[22m[36massets/DashboardFooter-Dsb4_ug3.js      [39m[1m[2m  1.86 kB[22m[1m[22m[2m │ gzip:   0.62 kB[22m
[2mdist/[22m[36massets/ShadcnSelect-CvCybUQU.js         [39m[1m[2m  2.01 kB[22m[1m[22m[2m │ gzip:   1.00 kB[22m
[2mdist/[22m[36massets/FloatingParticles-tJlCBkIG.js    [39m[1m[2m  2.03 kB[22m[1m[22m[2m │ gzip:   0.93 kB[22m
[2mdist/[22m[36massets/Dialog-Drg1zITg.js               [39m[1m[2m  2.36 kB[22m[1m[22m[2m │ gzip:   1.03 kB[22m
[2mdist/[22m[36massets/Toast-CyWKuw56.js                [39m[1m[2m  2.68 kB[22m[1m[22m[2m │ gzip:   1.19 kB[22m
[2mdist/[22m[36massets/ProfileSphereAvatar-ByXgVokk.js  [39m[1m[2m  2.88 kB[22m[1m[22m[2m │ gzip:   1.17 kB[22m
[2mdist/[22m[36massets/docTagsService-B4D4Rkog.js       [39m[1m[2m  3.55 kB[22m[1m[22m[2m │ gzip:   1.16 kB[22m
[2mdist/[22m[36massets/Login-DZ065ibi.js                [39m[1m[2m  6.99 kB[22m[1m[22m[2m │ gzip:   2.45 kB[22m
[2mdist/[22m[36massets/taskService-C7c1sGlb.js          [39m[1m[2m  7.87 kB[22m[1m[22m[2m │ gzip:   3.15 kB[22m
[2mdist/[22m[36massets/FileViewer-Dnw3zac4.js           [39m[1m[2m  7.88 kB[22m[1m[22m[2m │ gzip:   2.51 kB[22m
[2mdist/[22m[36massets/Topics-DvF6b8LE.js               [39m[1m[2m  8.37 kB[22m[1m[22m[2m │ gzip:   2.87 kB[22m
[2mdist/[22m[36massets/SignUp-Bkaij-6G.js               [39m[1m[2m  9.87 kB[22m[1m[22m[2m │ gzip:   2.84 kB[22m
[2mdist/[22m[36massets/Graph-BE7lryLO.js                [39m[1m[2m 10.40 kB[22m[1m[22m[2m │ gzip:   3.26 kB[22m
[2mdist/[22m[36massets/journalService-DWj8KITj.js       [39m[1m[2m 12.93 kB[22m[1m[22m[2m │ gzip:   4.35 kB[22m
[2mdist/[22m[36massets/EditTopicModal-bhoDGoUB.js       [39m[1m[2m 19.50 kB[22m[1m[22m[2m │ gzip:   5.56 kB[22m
[2mdist/[22m[36massets/purify.es-CovBOfck.js            [39m[1m[2m 22.58 kB[22m[1m[22m[2m │ gzip:   8.67 kB[22m
[2mdist/[22m[36massets/Profile-Dtov22xM.js              [39m[1m[2m 22.74 kB[22m[1m[22m[2m │ gzip:   5.17 kB[22m
[2mdist/[22m[36massets/MemScoreEvaluation-DgxjvsIO.js   [39m[1m[2m 35.77 kB[22m[1m[22m[2m │ gzip:   8.44 kB[22m
[2mdist/[22m[36massets/Chronicle-nnsJ3y2Z.js            [39m[1m[2m 37.31 kB[22m[1m[22m[2m │ gzip:  10.71 kB[22m
[2mdist/[22m[36massets/FocusMode-CdGUN5e1.js            [39m[1m[2m 40.95 kB[22m[1m[22m[2m │ gzip:  10.43 kB[22m
[2mdist/[22m[36massets/Journal-C4EJtfkP.js              [39m[1m[2m 44.28 kB[22m[1m[22m[2m │ gzip:  12.71 kB[22m
[2mdist/[22m[36massets/DocTags-mdD3armL.js              [39m[1m[2m 54.07 kB[22m[1m[22m[2m │ gzip:  13.16 kB[22m
[2mdist/[22m[36massets/GraphModeView-sD9dIEjh.js        [39m[1m[2m 55.97 kB[22m[1m[22m[2m │ gzip:  18.49 kB[22m
[2mdist/[22m[36massets/Landing-B-c6GiX1.js              [39m[1m[2m 61.25 kB[22m[1m[22m[2m │ gzip:  15.92 kB[22m
[2mdist/[22m[36massets/Mindmaps-CP4BDX52.js             [39m[1m[2m 88.18 kB[22m[1m[22m[2m │ gzip:  25.54 kB[22m
[2mdist/[22m[36massets/Dashboard-Bz1jSAKq.js            [39m[1m[2m110.48 kB[22m[1m[22m[2m │ gzip:  29.60 kB[22m
[2mdist/[22m[36massets/proxy-Cq1ougUa.js                [39m[1m[2m115.81 kB[22m[1m[22m[2m │ gzip:  38.48 kB[22m
[2mdist/[22m[36massets/index.es-BwopqE87.js             [39m[1m[2m159.56 kB[22m[1m[22m[2m │ gzip:  53.41 kB[22m
[2mdist/[22m[36massets/html2canvas.esm-DXEQVQnt.js      [39m[1m[2m201.04 kB[22m[1m[22m[2m │ gzip:  47.43 kB[22m
[2mdist/[22m[36massets/useTopics-DHJxpEPx.js            [39m[1m[2m204.91 kB[22m[1m[22m[2m │ gzip:  53.43 kB[22m
[2mdist/[22m[36massets/index-DCEtJa3L.js                [39m[1m[2m244.99 kB[22m[1m[22m[2m │ gzip:  78.66 kB[22m
[2mdist/[22m[36massets/Analytics-Cc5JCDFY.js            [39m[1m[33m847.18 kB[39m[22m[2m │ gzip: 259.03 kB[22m
[32m✓ built in 48.89s[39m
[frontend] Deploying to production
Retrieving project…
Deploying charanbheesetti123-2300s-projects/memora-frontend
Uploading [--------------------] (0.0B/3.2KB)
Uploading [====================] (3.2KB/3.2KB)
Inspect: https://vercel.com/charanbheesetti123-2300s-projects/memora-frontend/7HB8FPf5LeyT2yBhGzMGyHHp5eed [2s]
Production: https://memora-frontend-euq8o8645-charanbheesetti123-2300s-projects.vercel.app [2s]
https://memora-frontend-euq8o8645-charanbheesetti123-2300s-projects.vercel.appBuilding...
Building...
Building: Running build in Washington, D.C., USA (East) – iad1
Building: Build machine configuration: 2 cores, 8 GB
Building: Retrieving list of deployment files...
Building: Downloading 86 deployment files...
Building: Using prebuilt build artifacts from .vercel/output
Building: Learn more: https://vercel.link/build-output-api
Building: Deploying outputs...
[2K[1A[2K[GProduction: https://memora-frontend-euq8o8645-charanbheesetti123-2300s-projects.vercel.app [10s]
Completing...
Aliased: https://memora-frontend-sage.vercel.app [10s]
[frontend] Assigning alias memoraapp.vercel.app -> https://memora-frontend-sage.vercel.app
[frontend] Frontend root check passed: https://memoraapp.vercel.app
[frontend] Frontend rewrite API check passed: https://memoraapp.vercel.app/api/health
[frontend] Backend health check passed: https://memora-api-04021453.azurewebsites.net/api/health
[frontend] Done: https://memora-frontend-sage.vercel.app
